19:07:49 **** Incremental Build of configuration Debug for project Lab01_Test_STM32F103C6 ****
make -j4 all 
arm-none-eabi-size   Lab01_Test_STM32F103C6.elf 
   text	   data	    bss	    dec	    hex	filename
   4376	     20	   1572	   5968	   1750	Lab01_Test_STM32F103C6.elf
Finished building: default.size.stdout
 
arm-none-eabi-objcopy -O ihex Lab01_Test_STM32F103C6.elf Lab01_Test_STM32F103C6.hex
 
19:08:05 **** Incremental Build of configuration Debug for project Lab01_Test_STM32F103C6 ****
make -j4 all 
arm-none-eabi-size   Lab01_Test_STM32F103C6.elf 
   text	   data	    bss	    dec	    hex	filename
   4376	     20	   1572	   5968	   1750	Lab01_Test_STM32F103C6.elf
Finished building: default.size.stdout
 
arm-none-eabi-objcopy -O ihex Lab01_Test_STM32F103C6.elf Lab01_Test_STM32F103C6.hex
 
19:08:25 **** Incremental Build of configuration Debug for project Lab01_Test_STM32F103C6 ****
make -j4 all 
arm-none-eabi-size   Lab01_Test_STM32F103C6.elf 
   text	   data	    bss	    dec	    hex	filename
   4376	     20	   1572	   5968	   1750	Lab01_Test_STM32F103C6.elf
Finished building: default.size.stdout
 
arm-none-eabi-objcopy -O ihex Lab01_Test_STM32F103C6.elf Lab01_Test_STM32F103C6.hex
 
19:10:49 **** Incremental Build of configuration Debug for project Lab01_Test_STM32F103C6 ****
make -j4 all 
arm-none-eabi-gcc "../Core/Src/main.c" -mcpu=cortex-m3 -std=gnu11 -g3 -DUSE_HAL_DRIVER -DSTM32F103x6 -DDEBUG -c -I../Core/Inc -I../Drivers/STM32F1xx_HAL_Driver/Inc -I../Drivers/STM32F1xx_HAL_Driver/Inc/Legacy -I../Drivers/CMSIS/Device/ST/STM32F1xx/Include -I../Drivers/CMSIS/Include -O0 -ffunction-sections -fdata-sections -Wall -fstack-usage -MMD -MP -MF"Core/Src/main.d" -MT"Core/Src/main.o" --specs=nano.specs -mfloat-abi=soft -mthumb -o "Core/Src/main.o"
arm-none-eabi-gcc -o "Lab01_Test_STM32F103C6.elf" @"objects.list"   -mcpu=cortex-m3 -T"C:\Users\Alex\STM32CubeIDE\workspace_1.5.1\Lab01_Test_STM32F103C6\STM32F103C6TX_FLASH.ld" --specs=nosys.specs -Wl,-Map="Lab01_Test_STM32F103C6.map" -Wl,--gc-sections -static --specs=nano.specs -mfloat-abi=soft -mthumb -Wl,--start-group -lc -lm -Wl,--end-group
Finished building target: Lab01_Test_STM32F103C6.elf
 
arm-none-eabi-size   Lab01_Test_STM32F103C6.elf 
arm-none-eabi-objdump -h -S  Lab01_Test_STM32F103C6.elf  > "Lab01_Test_STM32F103C6.list"
arm-none-eabi-objcopy  -O ihex  Lab01_Test_STM32F103C6.elf  "Lab01_Test_STM32F103C6.hex"
arm-none-eabi-objcopy  -O binary  Lab01_Test_STM32F103C6.elf  "Lab01_Test_STM32F103C6.bin"
   text	   data	    bss	    dec	    hex	filename
   4520	     20	   1572	   6112	   17e0	Lab01_Test_STM32F103C6.elf
Finished building: default.size.stdout
 
Finished building: Lab01_Test_STM32F103C6.hex
Finished building: Lab01_Test_STM32F103C6.bin
Finished building: Lab01_Test_STM32F103C6.list
 
 
 
arm-none-eabi-objcopy -O ihex Lab01_Test_STM32F103C6.elf Lab01_Test_STM32F103C6.hex
 
19:27:23 **** Incremental Build of configuration Debug for project Lab01_Test_STM32F103C6 ****
make -j4 all 
arm-none-eabi-gcc "../Drivers/STM32F1xx_HAL_Driver/Src/stm32f1xx_hal.c" -mcpu=cortex-m3 -std=gnu11 -g3 -DUSE_HAL_DRIVER -DSTM32F103x6 -DDEBUG -c -I../Core/Inc -I../Drivers/STM32F1xx_HAL_Driver/Inc -I../Drivers/STM32F1xx_HAL_Driver/Inc/Legacy -I../Drivers/CMSIS/Device/ST/STM32F1xx/Include -I../Drivers/CMSIS/Include -O0 -ffunction-sections -fdata-sections -Wall -fstack-usage -MMD -MP -MF"Drivers/STM32F1xx_HAL_Driver/Src/stm32f1xx_hal.d" -MT"Drivers/STM32F1xx_HAL_Driver/Src/stm32f1xx_hal.o" --specs=nano.specs -mfloat-abi=soft -mthumb -o "Drivers/STM32F1xx_HAL_Driver/Src/stm32f1xx_hal.o"
arm-none-eabi-gcc "../Drivers/STM32F1xx_HAL_Driver/Src/stm32f1xx_hal_cortex.c" -mcpu=cortex-m3 -std=gnu11 -g3 -DUSE_HAL_DRIVER -DSTM32F103x6 -DDEBUG -c -I../Core/Inc -I../Drivers/STM32F1xx_HAL_Driver/Inc -I../Drivers/STM32F1xx_HAL_Driver/Inc/Legacy -I../Drivers/CMSIS/Device/ST/STM32F1xx/Include -I../Drivers/CMSIS/Include -O0 -ffunction-sections -fdata-sections -Wall -fstack-usage -MMD -MP -MF"Drivers/STM32F1xx_HAL_Driver/Src/stm32f1xx_hal_cortex.d" -MT"Drivers/STM32F1xx_HAL_Driver/Src/stm32f1xx_hal_cortex.o" --specs=nano.specs -mfloat-abi=soft -mthumb -o "Drivers/STM32F1xx_HAL_Driver/Src/stm32f1xx_hal_cortex.o"
arm-none-eabi-gcc "../Drivers/STM32F1xx_HAL_Driver/Src/stm32f1xx_hal_dma.c" -mcpu=cortex-m3 -std=gnu11 -g3 -DUSE_HAL_DRIVER -DSTM32F103x6 -DDEBUG -c -I../Core/Inc -I../Drivers/STM32F1xx_HAL_Driver/Inc -I../Drivers/STM32F1xx_HAL_Driver/Inc/Legacy -I../Drivers/CMSIS/Device/ST/STM32F1xx/Include -I../Drivers/CMSIS/Include -O0 -ffunction-sections -fdata-sections -Wall -fstack-usage -MMD -MP -MF"Drivers/STM32F1xx_HAL_Driver/Src/stm32f1xx_hal_dma.d" -MT"Drivers/STM32F1xx_HAL_Driver/Src/stm32f1xx_hal_dma.o" --specs=nano.specs -mfloat-abi=soft -mthumb -o "Drivers/STM32F1xx_HAL_Driver/Src/stm32f1xx_hal_dma.o"
arm-none-eabi-gcc "../Drivers/STM32F1xx_HAL_Driver/Src/stm32f1xx_hal_exti.c" -mcpu=cortex-m3 -std=gnu11 -g3 -DUSE_HAL_DRIVER -DSTM32F103x6 -DDEBUG -c -I../Core/Inc -I../Drivers/STM32F1xx_HAL_Driver/Inc -I../Drivers/STM32F1xx_HAL_Driver/Inc/Legacy -I../Drivers/CMSIS/Device/ST/STM32F1xx/Include -I../Drivers/CMSIS/Include -O0 -ffunction-sections -fdata-sections -Wall -fstack-usage -MMD -MP -MF"Drivers/STM32F1xx_HAL_Driver/Src/stm32f1xx_hal_exti.d" -MT"Drivers/STM32F1xx_HAL_Driver/Src/stm32f1xx_hal_exti.o" --specs=nano.specs -mfloat-abi=soft -mthumb -o "Drivers/STM32F1xx_HAL_Driver/Src/stm32f1xx_hal_exti.o"
arm-none-eabi-gcc "../Drivers/STM32F1xx_HAL_Driver/Src/stm32f1xx_hal_flash.c" -mcpu=cortex-m3 -std=gnu11 -g3 -DUSE_HAL_DRIVER -DSTM32F103x6 -DDEBUG -c -I../Core/Inc -I../Drivers/STM32F1xx_HAL_Driver/Inc -I../Drivers/STM32F1xx_HAL_Driver/Inc/Legacy -I../Drivers/CMSIS/Device/ST/STM32F1xx/Include -I../Drivers/CMSIS/Include -O0 -ffunction-sections -fdata-sections -Wall -fstack-usage -MMD -MP -MF"Drivers/STM32F1xx_HAL_Driver/Src/stm32f1xx_hal_flash.d" -MT"Drivers/STM32F1xx_HAL_Driver/Src/stm32f1xx_hal_flash.o" --specs=nano.specs -mfloat-abi=soft -mthumb -o "Drivers/STM32F1xx_HAL_Driver/Src/stm32f1xx_hal_flash.o"
arm-none-eabi-gcc "../Drivers/STM32F1xx_HAL_Driver/Src/stm32f1xx_hal_flash_ex.c" -mcpu=cortex-m3 -std=gnu11 -g3 -DUSE_HAL_DRIVER -DSTM32F103x6 -DDEBUG -c -I../Core/Inc -I../Drivers/STM32F1xx_HAL_Driver/Inc -I../Drivers/STM32F1xx_HAL_Driver/Inc/Legacy -I../Drivers/CMSIS/Device/ST/STM32F1xx/Include -I../Drivers/CMSIS/Include -O0 -ffunction-sections -fdata-sections -Wall -fstack-usage -MMD -MP -MF"Drivers/STM32F1xx_HAL_Driver/Src/stm32f1xx_hal_flash_ex.d" -MT"Drivers/STM32F1xx_HAL_Driver/Src/stm32f1xx_hal_flash_ex.o" --specs=nano.specs -mfloat-abi=soft -mthumb -o "Drivers/STM32F1xx_HAL_Driver/Src/stm32f1xx_hal_flash_ex.o"
arm-none-eabi-gcc "../Drivers/STM32F1xx_HAL_Driver/Src/stm32f1xx_hal_gpio.c" -mcpu=cortex-m3 -std=gnu11 -g3 -DUSE_HAL_DRIVER -DSTM32F103x6 -DDEBUG -c -I../Core/Inc -I../Drivers/STM32F1xx_HAL_Driver/Inc -I../Drivers/STM32F1xx_HAL_Driver/Inc/Legacy -I../Drivers/CMSIS/Device/ST/STM32F1xx/Include -I../Drivers/CMSIS/Include -O0 -ffunction-sections -fdata-sections -Wall -fstack-usage -MMD -MP -MF"Drivers/STM32F1xx_HAL_Driver/Src/stm32f1xx_hal_gpio.d" -MT"Drivers/STM32F1xx_HAL_Driver/Src/stm32f1xx_hal_gpio.o" --specs=nano.specs -mfloat-abi=soft -mthumb -o "Drivers/STM32F1xx_HAL_Driver/Src/stm32f1xx_hal_gpio.o"
arm-none-eabi-gcc "../Drivers/STM32F1xx_HAL_Driver/Src/stm32f1xx_hal_gpio_ex.c" -mcpu=cortex-m3 -std=gnu11 -g3 -DUSE_HAL_DRIVER -DSTM32F103x6 -DDEBUG -c -I../Core/Inc -I../Drivers/STM32F1xx_HAL_Driver/Inc -I../Drivers/STM32F1xx_HAL_Driver/Inc/Legacy -I../Drivers/CMSIS/Device/ST/STM32F1xx/Include -I../Drivers/CMSIS/Include -O0 -ffunction-sections -fdata-sections -Wall -fstack-usage -MMD -MP -MF"Drivers/STM32F1xx_HAL_Driver/Src/stm32f1xx_hal_gpio_ex.d" -MT"Drivers/STM32F1xx_HAL_Driver/Src/stm32f1xx_hal_gpio_ex.o" --specs=nano.specs -mfloat-abi=soft -mthumb -o "Drivers/STM32F1xx_HAL_Driver/Src/stm32f1xx_hal_gpio_ex.o"
arm-none-eabi-gcc "../Drivers/STM32F1xx_HAL_Driver/Src/stm32f1xx_hal_pwr.c" -mcpu=cortex-m3 -std=gnu11 -g3 -DUSE_HAL_DRIVER -DSTM32F103x6 -DDEBUG -c -I../Core/Inc -I../Drivers/STM32F1xx_HAL_Driver/Inc -I../Drivers/STM32F1xx_HAL_Driver/Inc/Legacy -I../Drivers/CMSIS/Device/ST/STM32F1xx/Include -I../Drivers/CMSIS/Include -O0 -ffunction-sections -fdata-sections -Wall -fstack-usage -MMD -MP -MF"Drivers/STM32F1xx_HAL_Driver/Src/stm32f1xx_hal_pwr.d" -MT"Drivers/STM32F1xx_HAL_Driver/Src/stm32f1xx_hal_pwr.o" --specs=nano.specs -mfloat-abi=soft -mthumb -o "Drivers/STM32F1xx_HAL_Driver/Src/stm32f1xx_hal_pwr.o"
arm-none-eabi-gcc "../Drivers/STM32F1xx_HAL_Driver/Src/stm32f1xx_hal_rcc.c" -mcpu=cortex-m3 -std=gnu11 -g3 -DUSE_HAL_DRIVER -DSTM32F103x6 -DDEBUG -c -I../Core/Inc -I../Drivers/STM32F1xx_HAL_Driver/Inc -I../Drivers/STM32F1xx_HAL_Driver/Inc/Legacy -I../Drivers/CMSIS/Device/ST/STM32F1xx/Include -I../Drivers/CMSIS/Include -O0 -ffunction-sections -fdata-sections -Wall -fstack-usage -MMD -MP -MF"Drivers/STM32F1xx_HAL_Driver/Src/stm32f1xx_hal_rcc.d" -MT"Drivers/STM32F1xx_HAL_Driver/Src/stm32f1xx_hal_rcc.o" --specs=nano.specs -mfloat-abi=soft -mthumb -o "Drivers/STM32F1xx_HAL_Driver/Src/stm32f1xx_hal_rcc.o"
arm-none-eabi-gcc "../Drivers/STM32F1xx_HAL_Driver/Src/stm32f1xx_hal_rcc_ex.c" -mcpu=cortex-m3 -std=gnu11 -g3 -DUSE_HAL_DRIVER -DSTM32F103x6 -DDEBUG -c -I../Core/Inc -I../Drivers/STM32F1xx_HAL_Driver/Inc -I../Drivers/STM32F1xx_HAL_Driver/Inc/Legacy -I../Drivers/CMSIS/Device/ST/STM32F1xx/Include -I../Drivers/CMSIS/Include -O0 -ffunction-sections -fdata-sections -Wall -fstack-usage -MMD -MP -MF"Drivers/STM32F1xx_HAL_Driver/Src/stm32f1xx_hal_rcc_ex.d" -MT"Drivers/STM32F1xx_HAL_Driver/Src/stm32f1xx_hal_rcc_ex.o" --specs=nano.specs -mfloat-abi=soft -mthumb -o "Drivers/STM32F1xx_HAL_Driver/Src/stm32f1xx_hal_rcc_ex.o"
arm-none-eabi-gcc "../Drivers/STM32F1xx_HAL_Driver/Src/stm32f1xx_hal_tim.c" -mcpu=cortex-m3 -std=gnu11 -g3 -DUSE_HAL_DRIVER -DSTM32F103x6 -DDEBUG -c -I../Core/Inc -I../Drivers/STM32F1xx_HAL_Driver/Inc -I../Drivers/STM32F1xx_HAL_Driver/Inc/Legacy -I../Drivers/CMSIS/Device/ST/STM32F1xx/Include -I../Drivers/CMSIS/Include -O0 -ffunction-sections -fdata-sections -Wall -fstack-usage -MMD -MP -MF"Drivers/STM32F1xx_HAL_Driver/Src/stm32f1xx_hal_tim.d" -MT"Drivers/STM32F1xx_HAL_Driver/Src/stm32f1xx_hal_tim.o" --specs=nano.specs -mfloat-abi=soft -mthumb -o "Drivers/STM32F1xx_HAL_Driver/Src/stm32f1xx_hal_tim.o"
arm-none-eabi-gcc "../Drivers/STM32F1xx_HAL_Driver/Src/stm32f1xx_hal_tim_ex.c" -mcpu=cortex-m3 -std=gnu11 -g3 -DUSE_HAL_DRIVER -DSTM32F103x6 -DDEBUG -c -I../Core/Inc -I../Drivers/STM32F1xx_HAL_Driver/Inc -I../Drivers/STM32F1xx_HAL_Driver/Inc/Legacy -I../Drivers/CMSIS/Device/ST/STM32F1xx/Include -I../Drivers/CMSIS/Include -O0 -ffunction-sections -fdata-sections -Wall -fstack-usage -MMD -MP -MF"Drivers/STM32F1xx_HAL_Driver/Src/stm32f1xx_hal_tim_ex.d" -MT"Drivers/STM32F1xx_HAL_Driver/Src/stm32f1xx_hal_tim_ex.o" --specs=nano.specs -mfloat-abi=soft -mthumb -o "Drivers/STM32F1xx_HAL_Driver/Src/stm32f1xx_hal_tim_ex.o"
arm-none-eabi-gcc "../Core/Src/gpio.c" -mcpu=cortex-m3 -std=gnu11 -g3 -DUSE_HAL_DRIVER -DSTM32F103x6 -DDEBUG -c -I../Core/Inc -I../Drivers/STM32F1xx_HAL_Driver/Inc -I../Drivers/STM32F1xx_HAL_Driver/Inc/Legacy -I../Drivers/CMSIS/Device/ST/STM32F1xx/Include -I../Drivers/CMSIS/Include -O0 -ffunction-sections -fdata-sections -Wall -fstack-usage -MMD -MP -MF"Core/Src/gpio.d" -MT"Core/Src/gpio.o" --specs=nano.specs -mfloat-abi=soft -mthumb -o "Core/Src/gpio.o"
arm-none-eabi-gcc "../Core/Src/main.c" -mcpu=cortex-m3 -std=gnu11 -g3 -DUSE_HAL_DRIVER -DSTM32F103x6 -DDEBUG -c -I../Core/Inc -I../Drivers/STM32F1xx_HAL_Driver/Inc -I../Drivers/STM32F1xx_HAL_Driver/Inc/Legacy -I../Drivers/CMSIS/Device/ST/STM32F1xx/Include -I../Drivers/CMSIS/Include -O0 -ffunction-sections -fdata-sections -Wall -fstack-usage -MMD -MP -MF"Core/Src/main.d" -MT"Core/Src/main.o" --specs=nano.specs -mfloat-abi=soft -mthumb -o "Core/Src/main.o"
arm-none-eabi-gcc "../Core/Src/stm32f1xx_hal_msp.c" -mcpu=cortex-m3 -std=gnu11 -g3 -DUSE_HAL_DRIVER -DSTM32F103x6 -DDEBUG -c -I../Core/Inc -I../Drivers/STM32F1xx_HAL_Driver/Inc -I../Drivers/STM32F1xx_HAL_Driver/Inc/Legacy -I../Drivers/CMSIS/Device/ST/STM32F1xx/Include -I../Drivers/CMSIS/Include -O0 -ffunction-sections -fdata-sections -Wall -fstack-usage -MMD -MP -MF"Core/Src/stm32f1xx_hal_msp.d" -MT"Core/Src/stm32f1xx_hal_msp.o" --specs=nano.specs -mfloat-abi=soft -mthumb -o "Core/Src/stm32f1xx_hal_msp.o"
arm-none-eabi-gcc "../Core/Src/stm32f1xx_it.c" -mcpu=cortex-m3 -std=gnu11 -g3 -DUSE_HAL_DRIVER -DSTM32F103x6 -DDEBUG -c -I../Core/Inc -I../Drivers/STM32F1xx_HAL_Driver/Inc -I../Drivers/STM32F1xx_HAL_Driver/Inc/Legacy -I../Drivers/CMSIS/Device/ST/STM32F1xx/Include -I../Drivers/CMSIS/Include -O0 -ffunction-sections -fdata-sections -Wall -fstack-usage -MMD -MP -MF"Core/Src/stm32f1xx_it.d" -MT"Core/Src/stm32f1xx_it.o" --specs=nano.specs -mfloat-abi=soft -mthumb -o "Core/Src/stm32f1xx_it.o"
arm-none-eabi-gcc "../Core/Src/system_stm32f1xx.c" -mcpu=cortex-m3 -std=gnu11 -g3 -DUSE_HAL_DRIVER -DSTM32F103x6 -DDEBUG -c -I../Core/Inc -I../Drivers/STM32F1xx_HAL_Driver/Inc -I../Drivers/STM32F1xx_HAL_Driver/Inc/Legacy -I../Drivers/CMSIS/Device/ST/STM32F1xx/Include -I../Drivers/CMSIS/Include -O0 -ffunction-sections -fdata-sections -Wall -fstack-usage -MMD -MP -MF"Core/Src/system_stm32f1xx.d" -MT"Core/Src/system_stm32f1xx.o" --specs=nano.specs -mfloat-abi=soft -mthumb -o "Core/Src/system_stm32f1xx.o"
arm-none-eabi-gcc -o "Lab01_Test_STM32F103C6.elf" @"objects.list"   -mcpu=cortex-m3 -T"C:\Users\Alex\STM32CubeIDE\workspace_1.5.1\Lab01_Test_STM32F103C6\STM32F103C6TX_FLASH.ld" --specs=nosys.specs -Wl,-Map="Lab01_Test_STM32F103C6.map" -Wl,--gc-sections -static --specs=nano.specs -mfloat-abi=soft -mthumb -Wl,--start-group -lc -lm -Wl,--end-group
Finished building target: Lab01_Test_STM32F103C6.elf
 
arm-none-eabi-size   Lab01_Test_STM32F103C6.elf 
arm-none-eabi-objdump -h -S  Lab01_Test_STM32F103C6.elf  > "Lab01_Test_STM32F103C6.list"
arm-none-eabi-objcopy  -O ihex  Lab01_Test_STM32F103C6.elf  "Lab01_Test_STM32F103C6.hex"
arm-none-eabi-objcopy  -O binary  Lab01_Test_STM32F103C6.elf  "Lab01_Test_STM32F103C6.bin"
   text	   data	    bss	    dec	    hex	filename
   4376	     20	   1572	   5968	   1750	Lab01_Test_STM32F103C6.elf
Finished building: default.size.stdout
 
Finished building: Lab01_Test_STM32F103C6.bin
Finished building: Lab01_Test_STM32F103C6.hex
Finished building: Lab01_Test_STM32F103C6.list
 
 
 
arm-none-eabi-objcopy -O ihex Lab01_Test_STM32F103C6.elf Lab01_Test_STM32F103C6.hex
 
19:28:13 **** Incremental Build of configuration Debug for project Lab01_Test_STM32F103C6 ****
make -j4 all 
arm-none-eabi-gcc "../Core/Src/main.c" -mcpu=cortex-m3 -std=gnu11 -g3 -DUSE_HAL_DRIVER -DSTM32F103x6 -DDEBUG -c -I../Core/Inc -I../Drivers/STM32F1xx_HAL_Driver/Inc -I../Drivers/STM32F1xx_HAL_Driver/Inc/Legacy -I../Drivers/CMSIS/Device/ST/STM32F1xx/Include -I../Drivers/CMSIS/Include -O0 -ffunction-sections -fdata-sections -Wall -fstack-usage -MMD -MP -MF"Core/Src/main.d" -MT"Core/Src/main.o" --specs=nano.specs -mfloat-abi=soft -mthumb -o "Core/Src/main.o"
arm-none-eabi-gcc -o "Lab01_Test_STM32F103C6.elf" @"objects.list"   -mcpu=cortex-m3 -T"C:\Users\Alex\STM32CubeIDE\workspace_1.5.1\Lab01_Test_STM32F103C6\STM32F103C6TX_FLASH.ld" --specs=nosys.specs -Wl,-Map="Lab01_Test_STM32F103C6.map" -Wl,--gc-sections -static --specs=nano.specs -mfloat-abi=soft -mthumb -Wl,--start-group -lc -lm -Wl,--end-group
Finished building target: Lab01_Test_STM32F103C6.elf
 
arm-none-eabi-size   Lab01_Test_STM32F103C6.elf 
arm-none-eabi-objdump -h -S  Lab01_Test_STM32F103C6.elf  > "Lab01_Test_STM32F103C6.list"
arm-none-eabi-objcopy  -O ihex  Lab01_Test_STM32F103C6.elf  "Lab01_Test_STM32F103C6.hex"
arm-none-eabi-objcopy  -O binary  Lab01_Test_STM32F103C6.elf  "Lab01_Test_STM32F103C6.bin"
   text	   data	    bss	    dec	    hex	filename
   4552	     20	   1572	   6144	   1800	Lab01_Test_STM32F103C6.elf
Finished building: default.size.stdout
Finished building: Lab01_Test_STM32F103C6.bin
 
Finished building: Lab01_Test_STM32F103C6.list
 
Finished building: Lab01_Test_STM32F103C6.hex
 
 
arm-none-eabi-objcopy -O ihex Lab01_Test_STM32F103C6.elf Lab01_Test_STM32F103C6.hex
 
20:04:28 **** Incremental Build of configuration Debug for project Lab01_Test_STM32F103C6 ****
make -j4 all 
arm-none-eabi-gcc "../Core/Src/main.c" -mcpu=cortex-m3 -std=gnu11 -g3 -DUSE_HAL_DRIVER -DSTM32F103x6 -DDEBUG -c -I../Core/Inc -I../Drivers/STM32F1xx_HAL_Driver/Inc -I../Drivers/STM32F1xx_HAL_Driver/Inc/Legacy -I../Drivers/CMSIS/Device/ST/STM32F1xx/Include -I../Drivers/CMSIS/Include -O0 -ffunction-sections -fdata-sections -Wall -fstack-usage -MMD -MP -MF"Core/Src/main.d" -MT"Core/Src/main.o" --specs=nano.specs -mfloat-abi=soft -mthumb -o "Core/Src/main.o"
arm-none-eabi-gcc -o "Lab01_Test_STM32F103C6.elf" @"objects.list"   -mcpu=cortex-m3 -T"C:\Users\Alex\STM32CubeIDE\workspace_1.5.1\Lab01_Test_STM32F103C6\STM32F103C6TX_FLASH.ld" --specs=nosys.specs -Wl,-Map="Lab01_Test_STM32F103C6.map" -Wl,--gc-sections -static --specs=nano.specs -mfloat-abi=soft -mthumb -Wl,--start-group -lc -lm -Wl,--end-group
Finished building target: Lab01_Test_STM32F103C6.elf
 
arm-none-eabi-size   Lab01_Test_STM32F103C6.elf 
arm-none-eabi-objdump -h -S  Lab01_Test_STM32F103C6.elf  > "Lab01_Test_STM32F103C6.list"
arm-none-eabi-objcopy  -O ihex  Lab01_Test_STM32F103C6.elf  "Lab01_Test_STM32F103C6.hex"
arm-none-eabi-objcopy  -O binary  Lab01_Test_STM32F103C6.elf  "Lab01_Test_STM32F103C6.bin"
   text	   data	    bss	    dec	    hex	filename
   4520	     20	   1572	   6112	   17e0	Lab01_Test_STM32F103C6.elf
Finished building: default.size.stdout
Finished building: Lab01_Test_STM32F103C6.bin
 
Finished building: Lab01_Test_STM32F103C6.hex
 
Finished building: Lab01_Test_STM32F103C6.list
 
 
arm-none-eabi-objcopy -O ihex Lab01_Test_STM32F103C6.elf Lab01_Test_STM32F103C6.hex
 
20:05:46 **** Incremental Build of configuration Debug for project Lab01_Test_STM32F103C6 ****
make -j4 all 
arm-none-eabi-gcc "../Core/Src/main.c" -mcpu=cortex-m3 -std=gnu11 -g3 -DUSE_HAL_DRIVER -DSTM32F103x6 -DDEBUG -c -I../Core/Inc -I../Drivers/STM32F1xx_HAL_Driver/Inc -I../Drivers/STM32F1xx_HAL_Driver/Inc/Legacy -I../Drivers/CMSIS/Device/ST/STM32F1xx/Include -I../Drivers/CMSIS/Include -O0 -ffunction-sections -fdata-sections -Wall -fstack-usage -MMD -MP -MF"Core/Src/main.d" -MT"Core/Src/main.o" --specs=nano.specs -mfloat-abi=soft -mthumb -o "Core/Src/main.o"
arm-none-eabi-gcc -o "Lab01_Test_STM32F103C6.elf" @"objects.list"   -mcpu=cortex-m3 -T"C:\Users\Alex\STM32CubeIDE\workspace_1.5.1\Lab01_Test_STM32F103C6\STM32F103C6TX_FLASH.ld" --specs=nosys.specs -Wl,-Map="Lab01_Test_STM32F103C6.map" -Wl,--gc-sections -static --specs=nano.specs -mfloat-abi=soft -mthumb -Wl,--start-group -lc -lm -Wl,--end-group
Finished building target: Lab01_Test_STM32F103C6.elf
 
arm-none-eabi-size   Lab01_Test_STM32F103C6.elf 
arm-none-eabi-objdump -h -S  Lab01_Test_STM32F103C6.elf  > "Lab01_Test_STM32F103C6.list"
arm-none-eabi-objcopy  -O ihex  Lab01_Test_STM32F103C6.elf  "Lab01_Test_STM32F103C6.hex"
arm-none-eabi-objcopy  -O binary  Lab01_Test_STM32F103C6.elf  "Lab01_Test_STM32F103C6.bin"
   text	   data	    bss	    dec	    hex	filename
   4520	     20	   1572	   6112	   17e0	Lab01_Test_STM32F103C6.elf
Finished building: default.size.stdout
 
Finished building: Lab01_Test_STM32F103C6.hex
Finished building: Lab01_Test_STM32F103C6.bin
Finished building: Lab01_Test_STM32F103C6.list
 
 
 
arm-none-eabi-objcopy -O ihex Lab01_Test_STM32F103C6.elf Lab01_Test_STM32F103C6.hex
 
20:09:47 **** Incremental Build of configuration Debug for project Lab01_Test_STM32F103C6 ****
make -j4 all 
arm-none-eabi-gcc "../Core/Src/main.c" -mcpu=cortex-m3 -std=gnu11 -g3 -DUSE_HAL_DRIVER -DSTM32F103x6 -DDEBUG -c -I../Core/Inc -I../Drivers/STM32F1xx_HAL_Driver/Inc -I../Drivers/STM32F1xx_HAL_Driver/Inc/Legacy -I../Drivers/CMSIS/Device/ST/STM32F1xx/Include -I../Drivers/CMSIS/Include -O0 -ffunction-sections -fdata-sections -Wall -fstack-usage -MMD -MP -MF"Core/Src/main.d" -MT"Core/Src/main.o" --specs=nano.specs -mfloat-abi=soft -mthumb -o "Core/Src/main.o"
arm-none-eabi-gcc -o "Lab01_Test_STM32F103C6.elf" @"objects.list"   -mcpu=cortex-m3 -T"C:\Users\Alex\STM32CubeIDE\workspace_1.5.1\Lab01_Test_STM32F103C6\STM32F103C6TX_FLASH.ld" --specs=nosys.specs -Wl,-Map="Lab01_Test_STM32F103C6.map" -Wl,--gc-sections -static --specs=nano.specs -mfloat-abi=soft -mthumb -Wl,--start-group -lc -lm -Wl,--end-group
Finished building target: Lab01_Test_STM32F103C6.elf
 
arm-none-eabi-size   Lab01_Test_STM32F103C6.elf 
arm-none-eabi-objdump -h -S  Lab01_Test_STM32F103C6.elf  > "Lab01_Test_STM32F103C6.list"
arm-none-eabi-objcopy  -O ihex  Lab01_Test_STM32F103C6.elf  "Lab01_Test_STM32F103C6.hex"
arm-none-eabi-objcopy  -O binary  Lab01_Test_STM32F103C6.elf  "Lab01_Test_STM32F103C6.bin"
   text	   data	    bss	    dec	    hex	filename
   4604	     20	   1572	   6196	   1834	Lab01_Test_STM32F103C6.elf
Finished building: default.size.stdout
 
Finished building: Lab01_Test_STM32F103C6.hex
Finished building: Lab01_Test_STM32F103C6.bin
 
 
Finished building: Lab01_Test_STM32F103C6.list
 
arm-none-eabi-objcopy -O ihex Lab01_Test_STM32F103C6.elf Lab01_Test_STM32F103C6.hex
 
20:10:35 **** Incremental Build of configuration Debug for project Lab01_Test_STM32F103C6 ****
make -j4 all 
arm-none-eabi-gcc "../Core/Src/main.c" -mcpu=cortex-m3 -std=gnu11 -g3 -DUSE_HAL_DRIVER -DSTM32F103x6 -DDEBUG -c -I../Core/Inc -I../Drivers/STM32F1xx_HAL_Driver/Inc -I../Drivers/STM32F1xx_HAL_Driver/Inc/Legacy -I../Drivers/CMSIS/Device/ST/STM32F1xx/Include -I../Drivers/CMSIS/Include -O0 -ffunction-sections -fdata-sections -Wall -fstack-usage -MMD -MP -MF"Core/Src/main.d" -MT"Core/Src/main.o" --specs=nano.specs -mfloat-abi=soft -mthumb -o "Core/Src/main.o"
arm-none-eabi-gcc -o "Lab01_Test_STM32F103C6.elf" @"objects.list"   -mcpu=cortex-m3 -T"C:\Users\Alex\STM32CubeIDE\workspace_1.5.1\Lab01_Test_STM32F103C6\STM32F103C6TX_FLASH.ld" --specs=nosys.specs -Wl,-Map="Lab01_Test_STM32F103C6.map" -Wl,--gc-sections -static --specs=nano.specs -mfloat-abi=soft -mthumb -Wl,--start-group -lc -lm -Wl,--end-group
Finished building target: Lab01_Test_STM32F103C6.elf
 
arm-none-eabi-size   Lab01_Test_STM32F103C6.elf 
arm-none-eabi-objdump -h -S  Lab01_Test_STM32F103C6.elf  > "Lab01_Test_STM32F103C6.list"
arm-none-eabi-objcopy  -O ihex  Lab01_Test_STM32F103C6.elf  "Lab01_Test_STM32F103C6.hex"
arm-none-eabi-objcopy  -O binary  Lab01_Test_STM32F103C6.elf  "Lab01_Test_STM32F103C6.bin"
   text	   data	    bss	    dec	    hex	filename
   4612	     20	   1572	   6204	   183c	Lab01_Test_STM32F103C6.elf
Finished building: default.size.stdout
 
Finished building: Lab01_Test_STM32F103C6.hex
Finished building: Lab01_Test_STM32F103C6.bin
Finished building: Lab01_Test_STM32F103C6.list
 
 
 
arm-none-eabi-objcopy -O ihex Lab01_Test_STM32F103C6.elf Lab01_Test_STM32F103C6.hex
 
20:12:04 **** Incremental Build of configuration Debug for project Lab01_Test_STM32F103C6 ****
make -j4 all 
arm-none-eabi-gcc "../Core/Src/main.c" -mcpu=cortex-m3 -std=gnu11 -g3 -DUSE_HAL_DRIVER -DSTM32F103x6 -DDEBUG -c -I../Core/Inc -I../Drivers/STM32F1xx_HAL_Driver/Inc -I../Drivers/STM32F1xx_HAL_Driver/Inc/Legacy -I../Drivers/CMSIS/Device/ST/STM32F1xx/Include -I../Drivers/CMSIS/Include -O0 -ffunction-sections -fdata-sections -Wall -fstack-usage -MMD -MP -MF"Core/Src/main.d" -MT"Core/Src/main.o" --specs=nano.specs -mfloat-abi=soft -mthumb -o "Core/Src/main.o"
../Core/Src/main.c: In function 'main':
../Core/Src/main.c:97:10: error: 'j' undeclared (first use in this function)
    while(j!=5){
          ^
../Core/Src/main.c:97:10: note: each undeclared identifier is reported only once for each function it appears in
make[1]: *** [Core/Src/subdir.mk:38: Core/Src/main.o] Error 1
make: *** [makefile:55: all] Error 2
"make -j4 all" terminated with exit code 2. Build might be incomplete.
20:12:18 **** Incremental Build of configuration Debug for project Lab01_Test_STM32F103C6 ****
make -j4 all 
arm-none-eabi-gcc "../Core/Src/main.c" -mcpu=cortex-m3 -std=gnu11 -g3 -DUSE_HAL_DRIVER -DSTM32F103x6 -DDEBUG -c -I../Core/Inc -I../Drivers/STM32F1xx_HAL_Driver/Inc -I../Drivers/STM32F1xx_HAL_Driver/Inc/Legacy -I../Drivers/CMSIS/Device/ST/STM32F1xx/Include -I../Drivers/CMSIS/Include -O0 -ffunction-sections -fdata-sections -Wall -fstack-usage -MMD -MP -MF"Core/Src/main.d" -MT"Core/Src/main.o" --specs=nano.specs -mfloat-abi=soft -mthumb -o "Core/Src/main.o"
arm-none-eabi-gcc -o "Lab01_Test_STM32F103C6.elf" @"objects.list"   -mcpu=cortex-m3 -T"C:\Users\Alex\STM32CubeIDE\workspace_1.5.1\Lab01_Test_STM32F103C6\STM32F103C6TX_FLASH.ld" --specs=nosys.specs -Wl,-Map="Lab01_Test_STM32F103C6.map" -Wl,--gc-sections -static --specs=nano.specs -mfloat-abi=soft -mthumb -Wl,--start-group -lc -lm -Wl,--end-group
Finished building target: Lab01_Test_STM32F103C6.elf
 
arm-none-eabi-size   Lab01_Test_STM32F103C6.elf 
arm-none-eabi-objdump -h -S  Lab01_Test_STM32F103C6.elf  > "Lab01_Test_STM32F103C6.list"
arm-none-eabi-objcopy  -O ihex  Lab01_Test_STM32F103C6.elf  "Lab01_Test_STM32F103C6.hex"
arm-none-eabi-objcopy  -O binary  Lab01_Test_STM32F103C6.elf  "Lab01_Test_STM32F103C6.bin"
   text	   data	    bss	    dec	    hex	filename
   4616	     20	   1572	   6208	   1840	Lab01_Test_STM32F103C6.elf
Finished building: default.size.stdout
 
Finished building: Lab01_Test_STM32F103C6.hex
Finished building: Lab01_Test_STM32F103C6.bin
 
 
Finished building: Lab01_Test_STM32F103C6.list
 
arm-none-eabi-objcopy -O ihex Lab01_Test_STM32F103C6.elf Lab01_Test_STM32F103C6.hex
 
20:13:14 **** Incremental Build of configuration Debug for project Lab01_Test_STM32F103C6 ****
make -j4 all 
arm-none-eabi-gcc "../Core/Src/main.c" -mcpu=cortex-m3 -std=gnu11 -g3 -DUSE_HAL_DRIVER -DSTM32F103x6 -DDEBUG -c -I../Core/Inc -I../Drivers/STM32F1xx_HAL_Driver/Inc -I../Drivers/STM32F1xx_HAL_Driver/Inc/Legacy -I../Drivers/CMSIS/Device/ST/STM32F1xx/Include -I../Drivers/CMSIS/Include -O0 -ffunction-sections -fdata-sections -Wall -fstack-usage -MMD -MP -MF"Core/Src/main.d" -MT"Core/Src/main.o" --specs=nano.specs -mfloat-abi=soft -mthumb -o "Core/Src/main.o"
arm-none-eabi-gcc -o "Lab01_Test_STM32F103C6.elf" @"objects.list"   -mcpu=cortex-m3 -T"C:\Users\Alex\STM32CubeIDE\workspace_1.5.1\Lab01_Test_STM32F103C6\STM32F103C6TX_FLASH.ld" --specs=nosys.specs -Wl,-Map="Lab01_Test_STM32F103C6.map" -Wl,--gc-sections -static --specs=nano.specs -mfloat-abi=soft -mthumb -Wl,--start-group -lc -lm -Wl,--end-group
Finished building target: Lab01_Test_STM32F103C6.elf
 
arm-none-eabi-size   Lab01_Test_STM32F103C6.elf 
arm-none-eabi-objdump -h -S  Lab01_Test_STM32F103C6.elf  > "Lab01_Test_STM32F103C6.list"
arm-none-eabi-objcopy  -O ihex  Lab01_Test_STM32F103C6.elf  "Lab01_Test_STM32F103C6.hex"
arm-none-eabi-objcopy  -O binary  Lab01_Test_STM32F103C6.elf  "Lab01_Test_STM32F103C6.bin"
   text	   data	    bss	    dec	    hex	filename
   4656	     20	   1572	   6248	   1868	Lab01_Test_STM32F103C6.elf
Finished building: default.size.stdout
 
Finished building: Lab01_Test_STM32F103C6.bin
Finished building: Lab01_Test_STM32F103C6.hex
 
Finished building: Lab01_Test_STM32F103C6.list
 
 
arm-none-eabi-objcopy -O ihex Lab01_Test_STM32F103C6.elf Lab01_Test_STM32F103C6.hex
 
20:14:42 **** Incremental Build of configuration Debug for project Lab01_Test_STM32F103C6 ****
make -j4 all 
arm-none-eabi-gcc "../Core/Src/main.c" -mcpu=cortex-m3 -std=gnu11 -g3 -DUSE_HAL_DRIVER -DSTM32F103x6 -DDEBUG -c -I../Core/Inc -I../Drivers/STM32F1xx_HAL_Driver/Inc -I../Drivers/STM32F1xx_HAL_Driver/Inc/Legacy -I../Drivers/CMSIS/Device/ST/STM32F1xx/Include -I../Drivers/CMSIS/Include -O0 -ffunction-sections -fdata-sections -Wall -fstack-usage -MMD -MP -MF"Core/Src/main.d" -MT"Core/Src/main.o" --specs=nano.specs -mfloat-abi=soft -mthumb -o "Core/Src/main.o"
arm-none-eabi-gcc -o "Lab01_Test_STM32F103C6.elf" @"objects.list"   -mcpu=cortex-m3 -T"C:\Users\Alex\STM32CubeIDE\workspace_1.5.1\Lab01_Test_STM32F103C6\STM32F103C6TX_FLASH.ld" --specs=nosys.specs -Wl,-Map="Lab01_Test_STM32F103C6.map" -Wl,--gc-sections -static --specs=nano.specs -mfloat-abi=soft -mthumb -Wl,--start-group -lc -lm -Wl,--end-group
Finished building target: Lab01_Test_STM32F103C6.elf
 
arm-none-eabi-size   Lab01_Test_STM32F103C6.elf 
arm-none-eabi-objdump -h -S  Lab01_Test_STM32F103C6.elf  > "Lab01_Test_STM32F103C6.list"
arm-none-eabi-objcopy  -O ihex  Lab01_Test_STM32F103C6.elf  "Lab01_Test_STM32F103C6.hex"
arm-none-eabi-objcopy  -O binary  Lab01_Test_STM32F103C6.elf  "Lab01_Test_STM32F103C6.bin"
   text	   data	    bss	    dec	    hex	filename
   4636	     20	   1572	   6228	   1854	Lab01_Test_STM32F103C6.elf
Finished building: default.size.stdout
 
Finished building: Lab01_Test_STM32F103C6.hex
Finished building: Lab01_Test_STM32F103C6.bin
Finished building: Lab01_Test_STM32F103C6.list
 
 
 
arm-none-eabi-objcopy -O ihex Lab01_Test_STM32F103C6.elf Lab01_Test_STM32F103C6.hex
 
20:16:00 **** Incremental Build of configuration Debug for project Lab01_Test_STM32F103C6 ****
make -j4 all 
arm-none-eabi-gcc "../Core/Src/main.c" -mcpu=cortex-m3 -std=gnu11 -g3 -DUSE_HAL_DRIVER -DSTM32F103x6 -DDEBUG -c -I../Core/Inc -I../Drivers/STM32F1xx_HAL_Driver/Inc -I../Drivers/STM32F1xx_HAL_Driver/Inc/Legacy -I../Drivers/CMSIS/Device/ST/STM32F1xx/Include -I../Drivers/CMSIS/Include -O0 -ffunction-sections -fdata-sections -Wall -fstack-usage -MMD -MP -MF"Core/Src/main.d" -MT"Core/Src/main.o" --specs=nano.specs -mfloat-abi=soft -mthumb -o "Core/Src/main.o"
arm-none-eabi-gcc -o "Lab01_Test_STM32F103C6.elf" @"objects.list"   -mcpu=cortex-m3 -T"C:\Users\Alex\STM32CubeIDE\workspace_1.5.1\Lab01_Test_STM32F103C6\STM32F103C6TX_FLASH.ld" --specs=nosys.specs -Wl,-Map="Lab01_Test_STM32F103C6.map" -Wl,--gc-sections -static --specs=nano.specs -mfloat-abi=soft -mthumb -Wl,--start-group -lc -lm -Wl,--end-group
Finished building target: Lab01_Test_STM32F103C6.elf
 
arm-none-eabi-size   Lab01_Test_STM32F103C6.elf 
arm-none-eabi-objdump -h -S  Lab01_Test_STM32F103C6.elf  > "Lab01_Test_STM32F103C6.list"
arm-none-eabi-objcopy  -O ihex  Lab01_Test_STM32F103C6.elf  "Lab01_Test_STM32F103C6.hex"
arm-none-eabi-objcopy  -O binary  Lab01_Test_STM32F103C6.elf  "Lab01_Test_STM32F103C6.bin"
   text	   data	    bss	    dec	    hex	filename
   4624	     20	   1572	   6216	   1848	Lab01_Test_STM32F103C6.elf
Finished building: default.size.stdout
 
Finished building: Lab01_Test_STM32F103C6.bin
Finished building: Lab01_Test_STM32F103C6.hex
Finished building: Lab01_Test_STM32F103C6.list
 
 
 
arm-none-eabi-objcopy -O ihex Lab01_Test_STM32F103C6.elf Lab01_Test_STM32F103C6.hex
 
20:16:03 **** Incremental Build of configuration Debug for project Lab01_Test_STM32F103C6 ****
make -j4 all 
arm-none-eabi-size   Lab01_Test_STM32F103C6.elf 
   text	   data	    bss	    dec	    hex	filename
   4624	     20	   1572	   6216	   1848	Lab01_Test_STM32F103C6.elf
Finished building: default.size.stdout
 
arm-none-eabi-objcopy -O ihex Lab01_Test_STM32F103C6.elf Lab01_Test_STM32F103C6.hex
 
20:16:36 **** Incremental Build of configuration Debug for project Lab01_Test_STM32F103C6 ****
make -j4 all 
arm-none-eabi-gcc "../Core/Src/main.c" -mcpu=cortex-m3 -std=gnu11 -g3 -DUSE_HAL_DRIVER -DSTM32F103x6 -DDEBUG -c -I../Core/Inc -I../Drivers/STM32F1xx_HAL_Driver/Inc -I../Drivers/STM32F1xx_HAL_Driver/Inc/Legacy -I../Drivers/CMSIS/Device/ST/STM32F1xx/Include -I../Drivers/CMSIS/Include -O0 -ffunction-sections -fdata-sections -Wall -fstack-usage -MMD -MP -MF"Core/Src/main.d" -MT"Core/Src/main.o" --specs=nano.specs -mfloat-abi=soft -mthumb -o "Core/Src/main.o"
arm-none-eabi-gcc -o "Lab01_Test_STM32F103C6.elf" @"objects.list"   -mcpu=cortex-m3 -T"C:\Users\Alex\STM32CubeIDE\workspace_1.5.1\Lab01_Test_STM32F103C6\STM32F103C6TX_FLASH.ld" --specs=nosys.specs -Wl,-Map="Lab01_Test_STM32F103C6.map" -Wl,--gc-sections -static --specs=nano.specs -mfloat-abi=soft -mthumb -Wl,--start-group -lc -lm -Wl,--end-group
Finished building target: Lab01_Test_STM32F103C6.elf
 
arm-none-eabi-size   Lab01_Test_STM32F103C6.elf 
arm-none-eabi-objdump -h -S  Lab01_Test_STM32F103C6.elf  > "Lab01_Test_STM32F103C6.list"
arm-none-eabi-objcopy  -O ihex  Lab01_Test_STM32F103C6.elf  "Lab01_Test_STM32F103C6.hex"
arm-none-eabi-objcopy  -O binary  Lab01_Test_STM32F103C6.elf  "Lab01_Test_STM32F103C6.bin"
   text	   data	    bss	    dec	    hex	filename
   4644	     20	   1572	   6236	   185c	Lab01_Test_STM32F103C6.elf
Finished building: default.size.stdout
 
Finished building: Lab01_Test_STM32F103C6.hex
Finished building: Lab01_Test_STM32F103C6.bin
Finished building: Lab01_Test_STM32F103C6.list
 
 
 
arm-none-eabi-objcopy -O ihex Lab01_Test_STM32F103C6.elf Lab01_Test_STM32F103C6.hex
 
20:17:09 **** Incremental Build of configuration Debug for project Lab01_Test_STM32F103C6 ****
make -j4 all 
arm-none-eabi-gcc "../Core/Src/main.c" -mcpu=cortex-m3 -std=gnu11 -g3 -DUSE_HAL_DRIVER -DSTM32F103x6 -DDEBUG -c -I../Core/Inc -I../Drivers/STM32F1xx_HAL_Driver/Inc -I../Drivers/STM32F1xx_HAL_Driver/Inc/Legacy -I../Drivers/CMSIS/Device/ST/STM32F1xx/Include -I../Drivers/CMSIS/Include -O0 -ffunction-sections -fdata-sections -Wall -fstack-usage -MMD -MP -MF"Core/Src/main.d" -MT"Core/Src/main.o" --specs=nano.specs -mfloat-abi=soft -mthumb -o "Core/Src/main.o"
arm-none-eabi-gcc -o "Lab01_Test_STM32F103C6.elf" @"objects.list"   -mcpu=cortex-m3 -T"C:\Users\Alex\STM32CubeIDE\workspace_1.5.1\Lab01_Test_STM32F103C6\STM32F103C6TX_FLASH.ld" --specs=nosys.specs -Wl,-Map="Lab01_Test_STM32F103C6.map" -Wl,--gc-sections -static --specs=nano.specs -mfloat-abi=soft -mthumb -Wl,--start-group -lc -lm -Wl,--end-group
Finished building target: Lab01_Test_STM32F103C6.elf
 
arm-none-eabi-size   Lab01_Test_STM32F103C6.elf 
arm-none-eabi-objdump -h -S  Lab01_Test_STM32F103C6.elf  > "Lab01_Test_STM32F103C6.list"
arm-none-eabi-objcopy  -O ihex  Lab01_Test_STM32F103C6.elf  "Lab01_Test_STM32F103C6.hex"
arm-none-eabi-objcopy  -O binary  Lab01_Test_STM32F103C6.elf  "Lab01_Test_STM32F103C6.bin"
   text	   data	    bss	    dec	    hex	filename
   4644	     20	   1572	   6236	   185c	Lab01_Test_STM32F103C6.elf
Finished building: default.size.stdout
 
Finished building: Lab01_Test_STM32F103C6.bin
Finished building: Lab01_Test_STM32F103C6.hex
Finished building: Lab01_Test_STM32F103C6.list
 
 
 
arm-none-eabi-objcopy -O ihex Lab01_Test_STM32F103C6.elf Lab01_Test_STM32F103C6.hex
 
20:17:35 **** Incremental Build of configuration Debug for project Lab01_Test_STM32F103C6 ****
make -j4 all 
arm-none-eabi-gcc "../Core/Src/main.c" -mcpu=cortex-m3 -std=gnu11 -g3 -DUSE_HAL_DRIVER -DSTM32F103x6 -DDEBUG -c -I../Core/Inc -I../Drivers/STM32F1xx_HAL_Driver/Inc -I../Drivers/STM32F1xx_HAL_Driver/Inc/Legacy -I../Drivers/CMSIS/Device/ST/STM32F1xx/Include -I../Drivers/CMSIS/Include -O0 -ffunction-sections -fdata-sections -Wall -fstack-usage -MMD -MP -MF"Core/Src/main.d" -MT"Core/Src/main.o" --specs=nano.specs -mfloat-abi=soft -mthumb -o "Core/Src/main.o"
arm-none-eabi-gcc -o "Lab01_Test_STM32F103C6.elf" @"objects.list"   -mcpu=cortex-m3 -T"C:\Users\Alex\STM32CubeIDE\workspace_1.5.1\Lab01_Test_STM32F103C6\STM32F103C6TX_FLASH.ld" --specs=nosys.specs -Wl,-Map="Lab01_Test_STM32F103C6.map" -Wl,--gc-sections -static --specs=nano.specs -mfloat-abi=soft -mthumb -Wl,--start-group -lc -lm -Wl,--end-group
Finished building target: Lab01_Test_STM32F103C6.elf
 
arm-none-eabi-size   Lab01_Test_STM32F103C6.elf 
arm-none-eabi-objdump -h -S  Lab01_Test_STM32F103C6.elf  > "Lab01_Test_STM32F103C6.list"
arm-none-eabi-objcopy  -O ihex  Lab01_Test_STM32F103C6.elf  "Lab01_Test_STM32F103C6.hex"
arm-none-eabi-objcopy  -O binary  Lab01_Test_STM32F103C6.elf  "Lab01_Test_STM32F103C6.bin"
   text	   data	    bss	    dec	    hex	filename
   4644	     20	   1572	   6236	   185c	Lab01_Test_STM32F103C6.elf
Finished building: default.size.stdout
 
Finished building: Lab01_Test_STM32F103C6.hex
Finished building: Lab01_Test_STM32F103C6.bin
 
Finished building: Lab01_Test_STM32F103C6.list
 
 
arm-none-eabi-objcopy -O ihex Lab01_Test_STM32F103C6.elf Lab01_Test_STM32F103C6.hex
 
20:18:32 **** Incremental Build of configuration Debug for project Lab01_Test_STM32F103C6 ****
make -j4 all 
arm-none-eabi-gcc "../Core/Src/main.c" -mcpu=cortex-m3 -std=gnu11 -g3 -DUSE_HAL_DRIVER -DSTM32F103x6 -DDEBUG -c -I../Core/Inc -I../Drivers/STM32F1xx_HAL_Driver/Inc -I../Drivers/STM32F1xx_HAL_Driver/Inc/Legacy -I../Drivers/CMSIS/Device/ST/STM32F1xx/Include -I../Drivers/CMSIS/Include -O0 -ffunction-sections -fdata-sections -Wall -fstack-usage -MMD -MP -MF"Core/Src/main.d" -MT"Core/Src/main.o" --specs=nano.specs -mfloat-abi=soft -mthumb -o "Core/Src/main.o"
arm-none-eabi-gcc -o "Lab01_Test_STM32F103C6.elf" @"objects.list"   -mcpu=cortex-m3 -T"C:\Users\Alex\STM32CubeIDE\workspace_1.5.1\Lab01_Test_STM32F103C6\STM32F103C6TX_FLASH.ld" --specs=nosys.specs -Wl,-Map="Lab01_Test_STM32F103C6.map" -Wl,--gc-sections -static --specs=nano.specs -mfloat-abi=soft -mthumb -Wl,--start-group -lc -lm -Wl,--end-group
Finished building target: Lab01_Test_STM32F103C6.elf
 
arm-none-eabi-size   Lab01_Test_STM32F103C6.elf 
arm-none-eabi-objdump -h -S  Lab01_Test_STM32F103C6.elf  > "Lab01_Test_STM32F103C6.list"
arm-none-eabi-objcopy  -O ihex  Lab01_Test_STM32F103C6.elf  "Lab01_Test_STM32F103C6.hex"
arm-none-eabi-objcopy  -O binary  Lab01_Test_STM32F103C6.elf  "Lab01_Test_STM32F103C6.bin"
   text	   data	    bss	    dec	    hex	filename
   4660	     20	   1572	   6252	   186c	Lab01_Test_STM32F103C6.elf
Finished building: default.size.stdout
 
Finished building: Lab01_Test_STM32F103C6.bin
Finished building: Lab01_Test_STM32F103C6.hex
Finished building: Lab01_Test_STM32F103C6.list
 
 
 
arm-none-eabi-objcopy -O ihex Lab01_Test_STM32F103C6.elf Lab01_Test_STM32F103C6.hex
 
20:19:31 **** Incremental Build of configuration Debug for project Lab01_Test_STM32F103C6 ****
make -j4 all 
arm-none-eabi-gcc "../Core/Src/main.c" -mcpu=cortex-m3 -std=gnu11 -g3 -DUSE_HAL_DRIVER -DSTM32F103x6 -DDEBUG -c -I../Core/Inc -I../Drivers/STM32F1xx_HAL_Driver/Inc -I../Drivers/STM32F1xx_HAL_Driver/Inc/Legacy -I../Drivers/CMSIS/Device/ST/STM32F1xx/Include -I../Drivers/CMSIS/Include -O0 -ffunction-sections -fdata-sections -Wall -fstack-usage -MMD -MP -MF"Core/Src/main.d" -MT"Core/Src/main.o" --specs=nano.specs -mfloat-abi=soft -mthumb -o "Core/Src/main.o"
arm-none-eabi-gcc -o "Lab01_Test_STM32F103C6.elf" @"objects.list"   -mcpu=cortex-m3 -T"C:\Users\Alex\STM32CubeIDE\workspace_1.5.1\Lab01_Test_STM32F103C6\STM32F103C6TX_FLASH.ld" --specs=nosys.specs -Wl,-Map="Lab01_Test_STM32F103C6.map" -Wl,--gc-sections -static --specs=nano.specs -mfloat-abi=soft -mthumb -Wl,--start-group -lc -lm -Wl,--end-group
Finished building target: Lab01_Test_STM32F103C6.elf
 
arm-none-eabi-size   Lab01_Test_STM32F103C6.elf 
arm-none-eabi-objdump -h -S  Lab01_Test_STM32F103C6.elf  > "Lab01_Test_STM32F103C6.list"
arm-none-eabi-objcopy  -O ihex  Lab01_Test_STM32F103C6.elf  "Lab01_Test_STM32F103C6.hex"
arm-none-eabi-objcopy  -O binary  Lab01_Test_STM32F103C6.elf  "Lab01_Test_STM32F103C6.bin"
   text	   data	    bss	    dec	    hex	filename
   4696	     20	   1572	   6288	   1890	Lab01_Test_STM32F103C6.elf
Finished building: default.size.stdout
 
Finished building: Lab01_Test_STM32F103C6.hex
Finished building: Lab01_Test_STM32F103C6.bin
Finished building: Lab01_Test_STM32F103C6.list
 
 
 
arm-none-eabi-objcopy -O ihex Lab01_Test_STM32F103C6.elf Lab01_Test_STM32F103C6.hex
 
20:20:54 **** Incremental Build of configuration Debug for project Lab01_Test_STM32F103C6 ****
make -j4 all 
arm-none-eabi-gcc "../Core/Src/main.c" -mcpu=cortex-m3 -std=gnu11 -g3 -DUSE_HAL_DRIVER -DSTM32F103x6 -DDEBUG -c -I../Core/Inc -I../Drivers/STM32F1xx_HAL_Driver/Inc -I../Drivers/STM32F1xx_HAL_Driver/Inc/Legacy -I../Drivers/CMSIS/Device/ST/STM32F1xx/Include -I../Drivers/CMSIS/Include -O0 -ffunction-sections -fdata-sections -Wall -fstack-usage -MMD -MP -MF"Core/Src/main.d" -MT"Core/Src/main.o" --specs=nano.specs -mfloat-abi=soft -mthumb -o "Core/Src/main.o"
arm-none-eabi-gcc -o "Lab01_Test_STM32F103C6.elf" @"objects.list"   -mcpu=cortex-m3 -T"C:\Users\Alex\STM32CubeIDE\workspace_1.5.1\Lab01_Test_STM32F103C6\STM32F103C6TX_FLASH.ld" --specs=nosys.specs -Wl,-Map="Lab01_Test_STM32F103C6.map" -Wl,--gc-sections -static --specs=nano.specs -mfloat-abi=soft -mthumb -Wl,--start-group -lc -lm -Wl,--end-group
Finished building target: Lab01_Test_STM32F103C6.elf
 
arm-none-eabi-size   Lab01_Test_STM32F103C6.elf 
arm-none-eabi-objdump -h -S  Lab01_Test_STM32F103C6.elf  > "Lab01_Test_STM32F103C6.list"
arm-none-eabi-objcopy  -O ihex  Lab01_Test_STM32F103C6.elf  "Lab01_Test_STM32F103C6.hex"
arm-none-eabi-objcopy  -O binary  Lab01_Test_STM32F103C6.elf  "Lab01_Test_STM32F103C6.bin"
   text	   data	    bss	    dec	    hex	filename
   4736	     20	   1572	   6328	   18b8	Lab01_Test_STM32F103C6.elf
Finished building: default.size.stdout
 
Finished building: Lab01_Test_STM32F103C6.hex
Finished building: Lab01_Test_STM32F103C6.bin
 
 
Finished building: Lab01_Test_STM32F103C6.list
 
arm-none-eabi-objcopy -O ihex Lab01_Test_STM32F103C6.elf Lab01_Test_STM32F103C6.hex
 
20:21:19 **** Incremental Build of configuration Debug for project Lab01_Test_STM32F103C6 ****
make -j4 all 
arm-none-eabi-gcc "../Core/Src/main.c" -mcpu=cortex-m3 -std=gnu11 -g3 -DUSE_HAL_DRIVER -DSTM32F103x6 -DDEBUG -c -I../Core/Inc -I../Drivers/STM32F1xx_HAL_Driver/Inc -I../Drivers/STM32F1xx_HAL_Driver/Inc/Legacy -I../Drivers/CMSIS/Device/ST/STM32F1xx/Include -I../Drivers/CMSIS/Include -O0 -ffunction-sections -fdata-sections -Wall -fstack-usage -MMD -MP -MF"Core/Src/main.d" -MT"Core/Src/main.o" --specs=nano.specs -mfloat-abi=soft -mthumb -o "Core/Src/main.o"
arm-none-eabi-gcc -o "Lab01_Test_STM32F103C6.elf" @"objects.list"   -mcpu=cortex-m3 -T"C:\Users\Alex\STM32CubeIDE\workspace_1.5.1\Lab01_Test_STM32F103C6\STM32F103C6TX_FLASH.ld" --specs=nosys.specs -Wl,-Map="Lab01_Test_STM32F103C6.map" -Wl,--gc-sections -static --specs=nano.specs -mfloat-abi=soft -mthumb -Wl,--start-group -lc -lm -Wl,--end-group
Finished building target: Lab01_Test_STM32F103C6.elf
 
arm-none-eabi-size   Lab01_Test_STM32F103C6.elf 
arm-none-eabi-objdump -h -S  Lab01_Test_STM32F103C6.elf  > "Lab01_Test_STM32F103C6.list"
arm-none-eabi-objcopy  -O ihex  Lab01_Test_STM32F103C6.elf  "Lab01_Test_STM32F103C6.hex"
arm-none-eabi-objcopy  -O binary  Lab01_Test_STM32F103C6.elf  "Lab01_Test_STM32F103C6.bin"
   text	   data	    bss	    dec	    hex	filename
   4708	     20	   1572	   6300	   189c	Lab01_Test_STM32F103C6.elf
Finished building: default.size.stdout
 
Finished building: Lab01_Test_STM32F103C6.bin
Finished building: Lab01_Test_STM32F103C6.hex
 
 
Finished building: Lab01_Test_STM32F103C6.list
 
arm-none-eabi-objcopy -O ihex Lab01_Test_STM32F103C6.elf Lab01_Test_STM32F103C6.hex
 
